// Jest Snapshot v1, https://goo.gl/fbAQLP

exports[`initial test 1`] = `
<div>
  <h1>
    Hello world template with Vite + React + TS
  </h1>
</div>
`;
